// Jest Snapshot v1, https://goo.gl/fbAQLP

exports[`Navbar should render card when mounted 1`] = `
<div>
  <div
    class="navbar"
  >
    <div
      class="navbar-text"
    >
      <h2>
        My
      </h2>
      <br />
      <h2
        class="record-text"
      >
        Record
      </h2>
      <h2>
        Shelf
      </h2>
    </div>
  </div>
</div>
`;
